error[E0592]: duplicate definitions with name `id`
  --> $DIR/overlapping_inherent_impls.rs:9:5
   |
LL |     fn id() {}
   |     ^^^^^^^ duplicate definitions for `id`
...
LL |     fn id() {}
   |     ------- other definition for `id`

error[E0592]: duplicate definitions with name `bar`
  --> $DIR/overlapping_inherent_impls.rs:19:5
   |
LL |     fn bar(&self) {}
   |     ^^^^^^^^^^^^^ duplicate definitions for `bar`
...
LL |     fn bar(&self) {}
   |     ------------- other definition for `bar`

error[E0592]: duplicate definitions with name `foo`
  --> $DIR/overlapping_inherent_impls.rs:38:5
   |
LL |     fn foo(&self) {}
   |     ^^^^^^^^^^^^^ duplicate definitions for `foo`
...
LL |     fn foo(&self) {}
   |     ------------- other definition for `foo`

error: aborting due to 3 previous errors

For more information about this error, try `rustc --explain E0592`.
